// Jest Snapshot v1, https://goo.gl/fbAQLP

exports[`components/AboutBuildModal should match snapshot for enterprise edition 1`] = `
<Modal
  animation={true}
  autoFocus={true}
  backdrop={true}
  bsClass="modal"
  dialogClassName="about-modal"
  dialogComponentClass={[Function]}
  enforceFocus={true}
  keyboard={true}
  manager={
    ModalManager {
      "add": [Function],
      "containers": Array [],
      "data": Array [],
      "handleContainerOverflow": true,
      "hideSiblingNodes": true,
      "isTopModal": [Function],
      "modals": Array [],
      "remove": [Function],
    }
  }
  onHide={[Function]}
  renderBackdrop={[Function]}
  restoreFocus={true}
  show={true}
>
  <ModalHeader
    bsClass="modal-header"
    closeButton={true}
    closeLabel="Close"
  >
    <ModalTitle
      id="about_title"
      bsClass="modal-title"
      componentClass="h4"
    >
      <FormattedMessage
        defaultMessage="About uChat"
        id="about.title"
        values={Object {}}
      />
    </ModalTitle>
  </ModalHeader>
  <ModalBody
    bsClass="modal-body"
    componentClass="div"
  >
    <div
      className="about-modal__content"
    >
      <div
        className="about-modal__logo"
      >
        <MattermostLogo />
      </div>
      <div>
        <h3
          className="about-modal__title"
          id="about_modal_title"
        >
          uChat

          <FormattedMessage
            defaultMessage="Enterprise Edition"
            id="about.enterpriseEditione1"
            values={Object {}}
          />
        </h3>
        <p
          className="about-modal__subtitle padding-bottom"
          id="about_modal_subtitle"
        >
          <FormattedMessage
            defaultMessage="Modern communication from behind your firewall."
            id="about.enterpriseEditionSt"
            values={Object {}}
          />
        </p>
        <div
          className="form-group less"
        >
          <div id="about_version">
            <FormattedMessage
              defaultMessage="uChat Version:"
              id="about.version"
              values={Object {}}
            />
            <span
              id="versionString"
            >
               3.6.2
            </span>
          </div>
          <div>
            <FormattedMessage
              defaultMessage="Database Schema Version:"
              id="about.dbversion"
              values={Object {}}
            />
            <span
              id="dbversionString"
            >
               3.6.0
            </span>
          </div>
          <div>
            <FormattedMessage
              defaultMessage="Database:"
              id="about.database"
              values={Object {}}
            />
             Postgres
          </div>
        </div>
        <div
          className="form-group"
          id="license_check"
        >
          <FormattedMessage
            defaultMessage="Licensed to:"
            id="about.licensed"
            values={Object {}}
          />

          Mattermost Inc
        </div>
      </div>
    </div>
    <div
      className="about-modal__footer"
    >
      <div>
        <FormattedMessage
          defaultMessage="Learn more at "
          id="about.enterpriseEditionLearn"
          values={Object {}}
        />
        <a
          href="https://uchat.uberinternal.com/downloads"
          rel="noopener noreferrer"
          target="_blank"
        >
          uchat.uberinternal.com
        </a>
      </div>
      <div
        className="form-group"
      >
        <div
          className="about-modal__copyright"
          id="copyright_msg"
        >
          <FormattedMessage
            defaultMessage="Copyright 2015 - {currentYear} Uber Technologies, Inc. All rights reserved"
            id="about.copyright"
            values={
              Object {
                "currentYear": 2017,
              }
            }
          />
        </div>
        <div
          className="about-modal__links"
        >
          <a id="terms_of_service"
            href="https://about.mattermost.com/default-terms/"
            rel="noopener noreferrer"
            target="_blank"
          >
            <FormattedMessage
              defaultMessage="Terms of Service"
              id="about.tos"
              values={Object {}}
            />
          </a>
          <span>
             -
          </span>
          <a id="privacy_policy"
            href="https://mattermost.com/privacy-policy/"
            rel="noopener noreferrer"
            target="_blank"
          >
            <FormattedMessage
              defaultMessage="Privacy Policy"
              id="about.privacy"
              values={Object {}}
            />
          </a>
        </div>
      </div>
    </div>
    <div
      className="about-modal__notice form-group padding-top x2"
      id="about_notice"
    >
      <p>
        <InjectIntl(FormattedMarkdownMessage)
          defaultMessage="uChat is made possible by the open source software used in our [server](!https://about.mattermost.com/platform-notice-txt/), [desktop](!https://about.mattermost.com/desktop-notice-txt/) and [mobile](!https://about.mattermost.com/mobile-notice-txt/) apps."
          id="about.notice"
        />
      </p>
    </div>
    <div
      className="about-modal__hash"
    >
      <p>
        <FormattedMessage
          defaultMessage="Build Hash:"
          id="about.hash"
          values={Object {}}
        />

        abcdef1234567890
        <br />
        <FormattedMessage
          defaultMessage="EE Build Hash:"
          id="about.hashee"
          values={Object {}}
        />

        0123456789abcdef
        <br />
        <FormattedMessage
          defaultMessage="Webapp Build Hash:"
          id="about.hashwebapp"
          values={Object {}}
        />

        0a1b2c3d4f
      </p>
      <p>
        <FormattedMessage
          defaultMessage="Build Date:"
          id="about.date"
          values={Object {}}
        />

        21 January 2017
      </p>
    </div>
  </ModalBody>
</Modal>
`;

exports[`components/AboutBuildModal should match snapshot for team edition 1`] = `
<Modal
  animation={true}
  autoFocus={true}
  backdrop={true}
  bsClass="modal"
  dialogClassName="about-modal"
  dialogComponentClass={[Function]}
  enforceFocus={true}
  keyboard={true}
  manager={
    ModalManager {
      "add": [Function],
      "containers": Array [],
      "data": Array [],
      "handleContainerOverflow": true,
      "hideSiblingNodes": true,
      "isTopModal": [Function],
      "modals": Array [],
      "remove": [Function],
    }
  }
  onHide={[Function]}
  renderBackdrop={[Function]}
  restoreFocus={true}
  show={true}
>
  <ModalHeader
    bsClass="modal-header"
    closeButton={true}
    closeLabel="Close"
  >
    <ModalTitle
      id="about_title"
      bsClass="modal-title"
      componentClass="h4"
    >
      <FormattedMessage
        defaultMessage="About uChat"
        id="about.title"
        values={Object {}}
      />
    </ModalTitle>
  </ModalHeader>
  <ModalBody
    bsClass="modal-body"
    componentClass="div"
  >
    <div
      className="about-modal__content"
    >
      <div
        className="about-modal__logo"
      >
        <MattermostLogo />
      </div>
      <div>
        <h3
          className="about-modal__title"
          id="about_modal_title"
        >
          uChat

          <FormattedMessage
            defaultMessage="Team Edition"
            id="about.teamEditiont0"
            values={Object {}}
          />
        </h3>
        <p
          className="about-modal__subtitle padding-bottom"
          id="about_modal_subtitle"
        >
          <FormattedMessage
            defaultMessage="All your team communication in one place, instantly searchable and accessible anywhere."
            id="about.teamEditionSt"
            values={Object {}}
          />
        </p>
        <div
          className="form-group less"
        >
          <div id="about_version">
            <FormattedMessage
              defaultMessage="uChat Version:"
              id="about.version"
              values={Object {}}
            />
            <span
              id="versionString"
            >
               3.6.2
            </span>
          </div>
          <div>
            <FormattedMessage
              defaultMessage="Database Schema Version:"
              id="about.dbversion"
              values={Object {}}
            />
            <span
              id="dbversionString"
            >
               3.6.0
            </span>
          </div>
          <div>
            <FormattedMessage
              defaultMessage="Database:"
              id="about.database"
              values={Object {}}
            />
             Postgres
          </div>
        </div>
      </div>
    </div>
    <div
      className="about-modal__footer"
    >
      <div>
        <FormattedMessage
          defaultMessage="Join the uChat community at "
          id="about.teamEditionLearn"
          values={Object {}}
        />
        <a
          href="https://uchat.uberinternal.com/downloads"
          rel="noopener noreferrer"
          target="_blank"
        >
          uchat.uberinternal.com
        </a>
      </div>
      <div
        className="form-group"
      >
        <div
          className="about-modal__copyright"
          id="copyright_msg"
        >
          <FormattedMessage
            defaultMessage="Copyright 2015 - {currentYear} Uber Technologies, Inc. All rights reserved"
            id="about.copyright"
            values={
              Object {
                "currentYear": 2017,
              }
            }
          />
        </div>
        <div
          className="about-modal__links"
        >
          <a id="terms_of_service"
            href="https://about.mattermost.com/default-terms/"
            rel="noopener noreferrer"
            target="_blank"
          >
            <FormattedMessage
              defaultMessage="Terms of Service"
              id="about.tos"
              values={Object {}}
            />
          </a>
          <span>
             -
          </span>
          <a id="privacy_policy"
            href="https://mattermost.com/privacy-policy/"
            rel="noopener noreferrer"
            target="_blank"
          >
            <FormattedMessage
              defaultMessage="Privacy Policy"
              id="about.privacy"
              values={Object {}}
            />
          </a>
        </div>
      </div>
    </div>
    <div
      className="about-modal__notice form-group padding-top x2"
      id="about_notice"
    >
      <p>
        <InjectIntl(FormattedMarkdownMessage)
          defaultMessage="uChat is made possible by the open source software used in our [server](!https://about.mattermost.com/platform-notice-txt/), [desktop](!https://about.mattermost.com/desktop-notice-txt/) and [mobile](!https://about.mattermost.com/mobile-notice-txt/) apps."
          id="about.notice"
        />
      </p>
    </div>
    <div
      className="about-modal__hash"
    >
      <p>
        <FormattedMessage
          defaultMessage="Build Hash:"
          id="about.hash"
          values={Object {}}
        />

        abcdef1234567890
        <br />
        <FormattedMessage
          defaultMessage="EE Build Hash:"
          id="about.hashee"
          values={Object {}}
        />

        <br />
        <FormattedMessage
          defaultMessage="Webapp Build Hash:"
          id="about.hashwebapp"
          values={Object {}}
        />

        0a1b2c3d4f
      </p>
      <p>
        <FormattedMessage
          defaultMessage="Build Date:"
          id="about.date"
          values={Object {}}
        />

        21 January 2017
      </p>
    </div>
  </ModalBody>
</Modal>
`;

exports[`components/AboutBuildModal should show ci if a ci build 1`] = `
<Modal
  animation={true}
  autoFocus={true}
  backdrop={true}
  bsClass="modal"
  dialogClassName="about-modal"
  dialogComponentClass={[Function]}
  enforceFocus={true}
  keyboard={true}
  manager={
    ModalManager {
      "add": [Function],
      "containers": Array [],
      "data": Array [],
      "handleContainerOverflow": true,
      "hideSiblingNodes": true,
      "isTopModal": [Function],
      "modals": Array [],
      "remove": [Function],
    }
  }
  onHide={[Function]}
  renderBackdrop={[Function]}
  restoreFocus={true}
  show={true}
>
  <ModalHeader
    bsClass="modal-header"
    closeButton={true}
    closeLabel="Close"
  >
    <ModalTitle
      id="about_title"
      bsClass="modal-title"
      componentClass="h4"
    >
      <FormattedMessage
        defaultMessage="About uChat"
        id="about.title"
        values={Object {}}
      />
    </ModalTitle>
  </ModalHeader>
  <ModalBody
    bsClass="modal-body"
    componentClass="div"
  >
    <div
      className="about-modal__content"
    >
      <div
        className="about-modal__logo"
      >
        <MattermostLogo />
      </div>
      <div>
        <h3
          className="about-modal__title"
          id="about_modal_title"
        >
          uChat

          <FormattedMessage
            defaultMessage="Team Edition"
            id="about.teamEditiont0"
            values={Object {}}
          />
        </h3>
        <p
          className="about-modal__subtitle padding-bottom"
          id="about_modal_subtitle"
        >
          <FormattedMessage
            defaultMessage="All your team communication in one place, instantly searchable and accessible anywhere."
            id="about.teamEditionSt"
            values={Object {}}
          />
        </p>
        <div
          className="form-group less"
        >
          <div id="about_version">
            <FormattedMessage
              defaultMessage="uChat Version:"
              id="about.version"
              values={Object {}}
            />
            <span
              id="versionString"
            >
               ci
            </span>
          </div>
          <div>
            <FormattedMessage
              defaultMessage="Database Schema Version:"
              id="about.dbversion"
              values={Object {}}
            />
            <span
              id="dbversionString"
            >
               3.6.0
            </span>
          </div>
          <div>
            <FormattedMessage
              defaultMessage="Build Number:"
              id="about.buildnumber"
              values={Object {}}
            />
            <span
              id="buildnumberString"
            >
               123
            </span>
          </div>
          <div>
            <FormattedMessage
              defaultMessage="Database:"
              id="about.database"
              values={Object {}}
            />
             Postgres
          </div>
        </div>
      </div>
    </div>
    <div
      className="about-modal__footer"
    >
      <div>
        <FormattedMessage
          defaultMessage="Join the uChat community at "
          id="about.teamEditionLearn"
          values={Object {}}
        />
        <a
          href="https://uchat.uberinternal.com/downloads"
          rel="noopener noreferrer"
          target="_blank"
        >
          uchat.uberinternal.com
        </a>
      </div>
      <div
        className="form-group"
      >
        <div
          className="about-modal__copyright"
          id="copyright_msg"
        >
          <FormattedMessage
            defaultMessage="Copyright 2015 - {currentYear} Uber Technologies, Inc. All rights reserved"
            id="about.copyright"
            values={
              Object {
                "currentYear": 2017,
              }
            }
          />
        </div>
        <div
          className="about-modal__links"
        >
          <a id="terms_of_service"
            href="https://about.mattermost.com/default-terms/"
            rel="noopener noreferrer"
            target="_blank"
          >
            <FormattedMessage
              defaultMessage="Terms of Service"
              id="about.tos"
              values={Object {}}
            />
          </a>
          <span>
             -
          </span>
          <a id="privacy_policy"
            href="https://mattermost.com/privacy-policy/"
            rel="noopener noreferrer"
            target="_blank"
          >
            <FormattedMessage
              defaultMessage="Privacy Policy"
              id="about.privacy"
              values={Object {}}
            />
          </a>
        </div>
      </div>
    </div>
    <div
      className="about-modal__notice form-group padding-top x2"
      id="about_notice"
    >
      <p>
        <InjectIntl(FormattedMarkdownMessage)
          defaultMessage="uChat is made possible by the open source software used in our [server](!https://about.mattermost.com/platform-notice-txt/), [desktop](!https://about.mattermost.com/desktop-notice-txt/) and [mobile](!https://about.mattermost.com/mobile-notice-txt/) apps."
          id="about.notice"
        />
      </p>
    </div>
    <div
      className="about-modal__hash"
    >
      <p>
        <FormattedMessage
          defaultMessage="Build Hash:"
          id="about.hash"
          values={Object {}}
        />

        abcdef1234567890
        <br />
        <FormattedMessage
          defaultMessage="EE Build Hash:"
          id="about.hashee"
          values={Object {}}
        />

        <br />
        <FormattedMessage
          defaultMessage="Webapp Build Hash:"
          id="about.hashwebapp"
          values={Object {}}
        />

        0a1b2c3d4f
      </p>
      <p>
        <FormattedMessage
          defaultMessage="Build Date:"
          id="about.date"
          values={Object {}}
        />

        21 January 2017
      </p>
    </div>
  </ModalBody>
</Modal>
`;

exports[`components/AboutBuildModal should show dev if this is a dev build 1`] = `
<Modal
  animation={true}
  autoFocus={true}
  backdrop={true}
  bsClass="modal"
  dialogClassName="about-modal"
  dialogComponentClass={[Function]}
  enforceFocus={true}
  keyboard={true}
  manager={
    ModalManager {
      "add": [Function],
      "containers": Array [],
      "data": Array [],
      "handleContainerOverflow": true,
      "hideSiblingNodes": true,
      "isTopModal": [Function],
      "modals": Array [],
      "remove": [Function],
    }
  }
  onHide={[Function]}
  renderBackdrop={[Function]}
  restoreFocus={true}
  show={true}
>
  <ModalHeader
    bsClass="modal-header"
    closeButton={true}
    closeLabel="Close"
  >
    <ModalTitle
      id="about_title"
      bsClass="modal-title"
      componentClass="h4"
    >
      <FormattedMessage
        defaultMessage="About uChat"
        id="about.title"
        values={Object {}}
      />
    </ModalTitle>
  </ModalHeader>
  <ModalBody
    bsClass="modal-body"
    componentClass="div"
  >
    <div
      className="about-modal__content"
    >
      <div
        className="about-modal__logo"
      >
        <MattermostLogo />
      </div>
      <div>
        <h3
          className="about-modal__title"
          id="about_modal_title"
        >
          uChat

          <FormattedMessage
            defaultMessage="Team Edition"
            id="about.teamEditiont0"
            values={Object {}}
          />
        </h3>
        <p
          className="about-modal__subtitle padding-bottom"
          id="about_modal_subtitle"
        >
          <FormattedMessage
            defaultMessage="All your team communication in one place, instantly searchable and accessible anywhere."
            id="about.teamEditionSt"
            values={Object {}}
          />
        </p>
        <div
          className="form-group less"
        >
          <div id="about_version">
            <FormattedMessage
              defaultMessage="uChat Version:"
              id="about.version"
              values={Object {}}
            />
            <span
              id="versionString"
            >
               dev
            </span>
          </div>
          <div>
            <FormattedMessage
              defaultMessage="Database Schema Version:"
              id="about.dbversion"
              values={Object {}}
            />
            <span
              id="dbversionString"
            >
               3.6.0
            </span>
          </div>
          <div>
            <FormattedMessage
              defaultMessage="Database:"
              id="about.database"
              values={Object {}}
            />
             Postgres
          </div>
        </div>
      </div>
    </div>
    <div
      className="about-modal__footer"
    >
      <div>
        <FormattedMessage
          defaultMessage="Join the uChat community at "
          id="about.teamEditionLearn"
          values={Object {}}
        />
        <a
          href="https://uchat.uberinternal.com/downloads"
          rel="noopener noreferrer"
          target="_blank"
        >
          uchat.uberinternal.com
        </a>
      </div>
      <div
        className="form-group"
      >
        <div
          className="about-modal__copyright"
          id="copyright_msg"
        >
          <FormattedMessage
            defaultMessage="Copyright 2015 - {currentYear} Uber Technologies, Inc. All rights reserved"
            id="about.copyright"
            values={
              Object {
                "currentYear": 2017,
              }
            }
          />
        </div>
        <div
          className="about-modal__links"
        >
          <a id="terms_of_service"
            href="https://about.mattermost.com/default-terms/"
            rel="noopener noreferrer"
            target="_blank"
          >
            <FormattedMessage
              defaultMessage="Terms of Service"
              id="about.tos"
              values={Object {}}
            />
          </a>
          <span>
             -
          </span>
          <a id="privacy_policy"
            href="https://mattermost.com/privacy-policy/"
            rel="noopener noreferrer"
            target="_blank"
          >
            <FormattedMessage
              defaultMessage="Privacy Policy"
              id="about.privacy"
              values={Object {}}
            />
          </a>
        </div>
      </div>
    </div>
    <div
      className="about-modal__notice form-group padding-top x2"
      id="about_notice"
    >
      <p>
        <InjectIntl(FormattedMarkdownMessage)
          defaultMessage="uChat is made possible by the open source software used in our [server](!https://about.mattermost.com/platform-notice-txt/), [desktop](!https://about.mattermost.com/desktop-notice-txt/) and [mobile](!https://about.mattermost.com/mobile-notice-txt/) apps."
          id="about.notice"
        />
      </p>
    </div>
    <div
      className="about-modal__hash"
    >
      <p>
        <FormattedMessage
          defaultMessage="Build Hash:"
          id="about.hash"
          values={Object {}}
        />

        abcdef1234567890
        <br />
        <FormattedMessage
          defaultMessage="EE Build Hash:"
          id="about.hashee"
          values={Object {}}
        />

        <br />
        <FormattedMessage
          defaultMessage="Webapp Build Hash:"
          id="about.hashwebapp"
          values={Object {}}
        />

        0a1b2c3d4f
      </p>
      <p>
        <FormattedMessage
          defaultMessage="Build Date:"
          id="about.date"
          values={Object {}}
        />

        21 January 2017
      </p>
    </div>
  </ModalBody>
</Modal>
`;
